// Jest Snapshot v1, https://goo.gl/fbAQLP

exports[`app component should match snapshot 1`] = `
ShallowWrapper {
  "length": 1,
  Symbol(enzyme.__root__): [Circular],
  Symbol(enzyme.__unrendered__): <App />,
  Symbol(enzyme.__renderer__): Object {
    "batchedUpdates": [Function],
    "getNode": [Function],
    "render": [Function],
    "simulateEvent": [Function],
    "unmount": [Function],
  },
  Symbol(enzyme.__node__): Object {
    "instance": null,
    "key": null,
    "nodeType": "host",
    "props": Object {
      "children": Array [
        <h1>
          Desafio Live Rocket Seat
</h1>,
        <Todos
          todos={
                    Array [
                              Object {
                                "id": 1,
                                "text": "Watch the live ",
                              },
                              Object {
                                "id": 2,
                                "text": "Do the challenge ",
                              },
                            ]
          }
/>,
      ],
      "style": Object {
        "padding": "1em",
      },
    },
    "ref": null,
    "rendered": Array [
      Object {
        "instance": null,
        "key": null,
        "nodeType": "host",
        "props": Object {
          "children": "Desafio Live Rocket Seat",
        },
        "ref": null,
        "rendered": "Desafio Live Rocket Seat",
        "type": "h1",
      },
      Object {
        "instance": null,
        "key": null,
        "nodeType": "function",
        "props": Object {
          "todos": Array [
            Object {
              "id": 1,
              "text": "Watch the live ",
            },
            Object {
              "id": 2,
              "text": "Do the challenge ",
            },
          ],
        },
        "ref": null,
        "rendered": null,
        "type": [Function],
      },
    ],
    "type": "div",
  },
  Symbol(enzyme.__nodes__): Array [
    Object {
      "instance": null,
      "key": null,
      "nodeType": "host",
      "props": Object {
        "children": Array [
          <h1>
            Desafio Live Rocket Seat
</h1>,
          <Todos
            todos={
                        Array [
                                    Object {
                                      "id": 1,
                                      "text": "Watch the live ",
                                    },
                                    Object {
                                      "id": 2,
                                      "text": "Do the challenge ",
                                    },
                                  ]
            }
/>,
        ],
        "style": Object {
          "padding": "1em",
        },
      },
      "ref": null,
      "rendered": Array [
        Object {
          "instance": null,
          "key": null,
          "nodeType": "host",
          "props": Object {
            "children": "Desafio Live Rocket Seat",
          },
          "ref": null,
          "rendered": "Desafio Live Rocket Seat",
          "type": "h1",
        },
        Object {
          "instance": null,
          "key": null,
          "nodeType": "function",
          "props": Object {
            "todos": Array [
              Object {
                "id": 1,
                "text": "Watch the live ",
              },
              Object {
                "id": 2,
                "text": "Do the challenge ",
              },
            ],
          },
          "ref": null,
          "rendered": null,
          "type": [Function],
        },
      ],
      "type": "div",
    },
  ],
  Symbol(enzyme.__options__): Object {
    "adapter": ReactSixteenAdapter {
      "options": Object {
        "enableComponentDidUpdateOnSetState": true,
      },
    },
  },
}
`;
